// Jest Snapshot v1, https://goo.gl/fbAQLP

exports[`category page should render 1`] = `
<div>
  <div>
     
  </div>
  <div
    class="category__ProductsList-sc-met5l2-0 dURSog"
  >
    <div
      class="category-link"
    >
      <a
        href="/product/test-product/test-folder"
      >
        <div
          class="product-image-container"
        >
          <img
            class="image-cover"
            src=""
          />
          <img
            src=""
          />
        </div>
        <div
          class="accent-bar__AccentBarSlim-sc-1nm9o64-0 hLEDyk"
        />
        <div
          class="product-title-container"
        >
          <p
            class="product-title"
          >
            test-name
          </p>
        </div>
        <div
          class="accent-bar__AccentBarSlim-sc-1nm9o64-0 hLEDyk"
        />
      </a>
    </div>
  </div>
</div>
`;
